> Initialized logger
> Traceback (most recent call last):
>   File "run.py", line 3, in <module>
> from serveus import app
>   File "C:\Users\RSK\Documents\GitHub\Malaria-Server\serveus\__init__.py", line 71, in <module>
> from serveus import views, models, admin
>   File "C:\Users\RSK\Documents\GitHub\Malaria-Server\serveus\admin.py", line 127, in <module>
> admin.add_view(UserView(User, db.session))
>   File "C:\Python27\lib\site-packages\flask_admin\contrib\sqla\view.py", line 271, in __init__
> super(ModelView, self).__init__(model, name, category, endpoint, url)
>   File "C:\Python27\lib\site-packages\flask_admin\model\base.py", line 495, in __init__
> self._refresh_cache()
>   File "C:\Python27\lib\site-packages\flask_admin\model\base.py", line 516, in _refresh_cache
> self._create_form_class = self.get_create_form()
>   File "C:\Python27\lib\site-packages\flask_admin\model\base.py", line 731, in get_create_form
> return self.get_form()
>   File "C:\Python27\lib\site-packages\flask_admin\model\base.py", line 723, in get_form
> return self.scaffold_form()
>   File "C:\Users\RSK\Documents\GitHub\Malaria-Server\serveus\admin.py", line 57, in scaffold_form
> form_class = super(UserView, self).scaffold_form()
>   File "C:\Python27\lib\site-packages\flask_admin\contrib\sqla\view.py", line 545, in scaffold_form
> extra_fields=self.form_extra_fields)
>   File "C:\Python27\lib\site-packages\flask_admin\contrib\sqla\form.py", line 426, in get_form
> field = converter.convert(model, mapper, prop, field_args.get(name), hidden_pk)
>   File "C:\Python27\lib\site-packages\flask_admin\contrib\sqla\form.py", line 233, in convert
> return override(**kwargs)
> TypeError
> :
> 'UnboundField' object is not callable
